[2026-01-06 22:48:41] SUCCESS: System caches
[2026-01-06 22:48:41] SUCCESS: System temp files
[2026-01-06 22:48:41] SUCCESS: System crash reports
[2026-01-06 22:48:41] SUCCESS: System logs
[2026-01-06 22:48:47] SUCCESS: Browser code signature caches (2 items)
[2026-01-06 22:48:47] SUCCESS: System diagnostic logs
[2026-01-06 22:48:47] SUCCESS: Power logs
[2026-01-06 22:48:47] SUCCESS: Memory exception reports
[2026-01-06 22:48:47] SUCCESS: System diagnostic trace logs
[2026-01-13 22:10:56] SUCCESS: System caches
[2026-01-13 22:10:56] SUCCESS: System temp files
[2026-01-13 22:10:56] SUCCESS: System crash reports
[2026-01-13 22:10:56] SUCCESS: System logs
[2026-01-13 22:11:02] SUCCESS: Browser code signature caches (1 items)
[2026-01-13 22:11:02] SUCCESS: System diagnostic logs
[2026-01-13 22:11:02] SUCCESS: Power logs
[2026-01-13 22:11:02] SUCCESS: Memory exception reports
[2026-01-13 22:11:02] SUCCESS: System diagnostic trace logs
[2026-01-13 22:20:35] SUCCESS: System caches
[2026-01-13 22:20:36] SUCCESS: System temp files
[2026-01-13 22:20:36] SUCCESS: System crash reports
[2026-01-13 22:20:36] SUCCESS: System logs
[2026-01-13 22:20:41] SUCCESS: System diagnostic logs
[2026-01-13 22:20:41] SUCCESS: Power logs
[2026-01-13 22:20:41] SUCCESS: Memory exception reports
[2026-01-13 22:20:41] SUCCESS: System diagnostic trace logs
[2026-01-19 21:15:02] ERROR: Invalid key
[2026-01-19 21:15:22] SUCCESS: Touch ID enabled - try: sudo ls
[2026-01-19 21:15:52] SUCCESS: System caches
[2026-01-19 21:15:52] SUCCESS: System temp files
[2026-01-19 21:15:52] SUCCESS: System crash reports
[2026-01-19 21:15:52] SUCCESS: System logs
[2026-01-19 21:15:57] SUCCESS: Browser code signature caches (1 items)
[2026-01-19 21:15:57] SUCCESS: System diagnostic logs
[2026-01-19 21:15:57] SUCCESS: Power logs
[2026-01-19 21:15:57] SUCCESS: Memory exception reports
[2026-01-19 21:15:58] SUCCESS: System diagnostic trace logs
[2026-01-26 21:29:31] SUCCESS: System caches
[2026-01-26 21:29:31] SUCCESS: System temp files
[2026-01-26 21:29:31] SUCCESS: System crash reports
[2026-01-26 21:29:31] SUCCESS: System logs
[2026-01-26 21:29:36] SUCCESS: Browser code signature caches (1 items)
[2026-01-26 21:29:36] SUCCESS: System diagnostic logs
[2026-01-26 21:29:36] SUCCESS: Power logs
[2026-01-26 21:29:36] SUCCESS: Memory exception reports
[2026-01-26 21:29:36] SUCCESS: System diagnostic trace logs
[2026-02-01 20:44:59] SUCCESS: System caches
[2026-02-01 20:44:59] SUCCESS: System temp files
[2026-02-01 20:44:59] SUCCESS: System crash reports
[2026-02-01 20:44:59] SUCCESS: System logs
[2026-02-01 20:45:04] SUCCESS: Browser code signature caches (1 items)
[2026-02-01 20:45:05] SUCCESS: System diagnostic logs
[2026-02-01 20:45:05] SUCCESS: System diagnostic trace logs
[2026-02-11 15:20:54] SUCCESS: System caches
[2026-02-11 15:20:54] SUCCESS: System temp files
[2026-02-11 15:20:54] SUCCESS: System crash reports
[2026-02-11 15:20:54] SUCCESS: System logs
[2026-02-11 15:21:00] SUCCESS: Browser code signature caches (1 items)
[2026-02-11 15:21:00] SUCCESS: System diagnostic logs
[2026-02-11 15:21:00] SUCCESS: System diagnostic trace logs
[2026-03-01 22:56:35] SUCCESS: System crash reports
[2026-03-01 22:56:36] SUCCESS: System logs
[2026-03-01 22:56:41] SUCCESS: Browser code signature caches, 1 items
[2026-03-01 22:56:43] SUCCESS: System diagnostic logs
[2026-03-01 22:56:43] SUCCESS: Power logs
